2026-02-06 15:51:13,128 - BrainGNN - INFO - ==================================================
2026-02-06 15:51:13,128 - BrainGNN - INFO - Loading configuration from configs/diversity.yaml
2026-02-06 15:51:13,129 - BrainGNN - INFO - ==================================================
2026-02-06 15:51:13,133 - BrainGNN - INFO - Configuration loaded successfully
2026-02-06 15:51:13,133 - BrainGNN - INFO - Using device: cuda:0
2026-02-06 15:51:13,134 - BrainGNN - INFO - 
==================================================
2026-02-06 15:51:13,134 - BrainGNN - INFO - Configuration Summary
2026-02-06 15:51:13,135 - BrainGNN - INFO - ==================================================
2026-02-06 15:51:13,135 - BrainGNN - INFO - Run Directory: /home/rif17002/honors_thesis/runs/2026-02-06_15-51-13
2026-02-06 15:51:13,135 - BrainGNN - INFO - Data:
2026-02-06 15:51:13,136 - BrainGNN - INFO -   Data Directory: /shared/healthinfolab/datasets/ABCD/Irritability/WholeBrainTaskfMRI/UConn/data
2026-02-06 15:51:13,136 - BrainGNN - INFO -   Labels CSV: /shared/healthinfolab/datasets/ABCD/Irritability/WholeBrainTaskfMRI/UConn/subject_lists/CBCL_PLPH_m0m24_MID_n3705.csv
2026-02-06 15:51:13,137 - BrainGNN - INFO -   Contrast Type: reward
2026-02-06 15:51:13,140 - BrainGNN - INFO -   Edge Threshold: 0.0
2026-02-06 15:51:13,140 - BrainGNN - INFO -   Use Absolute Values: False
2026-02-06 15:51:13,141 - BrainGNN - INFO - 
Model:
2026-02-06 15:51:13,142 - BrainGNN - INFO -   GNN Type: GCN
2026-02-06 15:51:13,142 - BrainGNN - INFO -   Hidden Channels: 128
2026-02-06 15:51:13,143 - BrainGNN - INFO -   Num Layers: 3
2026-02-06 15:51:13,143 - BrainGNN - INFO -   Dropout: 0.4
2026-02-06 15:51:13,144 - BrainGNN - INFO - 
Training:
2026-02-06 15:51:13,145 - BrainGNN - INFO -   Batch Size: 64
2026-02-06 15:51:13,149 - BrainGNN - INFO -   Learning Rate: 0.002
2026-02-06 15:51:13,153 - BrainGNN - INFO -   Weight Decay: 0.0001
2026-02-06 15:51:13,162 - BrainGNN - INFO -   Epochs: 300
2026-02-06 15:51:13,171 - BrainGNN - INFO -   Patience: 40
2026-02-06 15:51:13,178 - BrainGNN - INFO -   Random Seed: 42
2026-02-06 15:51:13,186 - BrainGNN - INFO - 
Imbalance Handling:
2026-02-06 15:51:13,194 - BrainGNN - INFO -   Class Weights: True
2026-02-06 15:51:13,200 - BrainGNN - INFO -   Focal Loss: False
2026-02-06 15:51:13,206 - BrainGNN - INFO -   Oversampling: False
2026-02-06 15:51:13,212 - BrainGNN - INFO -   Monitor Metric: balanced_acc
2026-02-06 15:51:13,217 - BrainGNN - INFO - 
==================================================
2026-02-06 15:51:13,221 - BrainGNN - INFO - Loading reward contrast dataset...
2026-02-06 15:51:13,224 - BrainGNN - INFO - ==================================================
2026-02-06 15:51:13,285 - BrainGNN - INFO - Loaded 3705 subjects from labels file
2026-02-06 15:51:18,222 - BrainGNN - INFO - Found 2853 subjects with complete data
2026-02-06 15:51:18,233 - BrainGNN - INFO - Class distribution:
2026-02-06 15:51:18,242 - BrainGNN - INFO -   Class 0: 2543 (89.1%)
2026-02-06 15:51:18,249 - BrainGNN - INFO -   Class 1: 310 (10.9%)
2026-02-06 15:51:18,255 - BrainGNN - INFO -   Imbalance ratio: 8.20:1
2026-02-06 15:51:18,262 - BrainGNN - INFO - Dataset loaded successfully with 2853 subjects
2026-02-06 15:51:19,158 - BrainGNN - INFO - Class weights: [0.56095165 4.601613  ]
2026-02-06 15:51:19,241 - BrainGNN - INFO - Number of ROIs (nodes): 352
2026-02-06 15:51:19,244 - BrainGNN - INFO - Number of node features: 26
2026-02-06 15:51:19,246 - BrainGNN - INFO - Number of edges: 123552
2026-02-06 15:51:19,247 - BrainGNN - INFO - Splitting dataset into train/val/test...
2026-02-06 15:54:14,360 - BrainGNN - INFO - Dataset split:
2026-02-06 15:54:14,368 - BrainGNN - INFO -   Train: 1825 samples
2026-02-06 15:54:14,375 - BrainGNN - INFO -   Val:   457 samples
2026-02-06 15:54:14,380 - BrainGNN - INFO -   Test:  571 samples
2026-02-06 15:54:42,124 - BrainGNN - INFO -   Train class dist: Class 0: 1627, Class 1: 198 (10.8% minority)
2026-02-06 15:54:49,173 - BrainGNN - INFO -   Val class dist: Class 0: 407, Class 1: 50 (10.9% minority)
2026-02-06 15:54:58,108 - BrainGNN - INFO -   Test class dist: Class 0: 509, Class 1: 62 (10.9% minority)
2026-02-06 15:55:37,609 - BrainGNN - INFO - 
Initializing GCN model...
2026-02-06 15:55:37,719 - BrainGNN - INFO - Model parameters: 45,634
2026-02-06 15:55:37,726 - BrainGNN - INFO - 
==================================================
2026-02-06 15:55:37,729 - BrainGNN - INFO - Training model...
2026-02-06 15:55:37,729 - BrainGNN - INFO - Monitoring: balanced_acc
2026-02-06 15:55:37,730 - BrainGNN - INFO - ==================================================
2026-02-06 15:55:38,031 - BrainGNN - INFO - Using weighted CrossEntropy with weights: [0.56095165 4.601613  ]
2026-02-06 15:55:38,035 - BrainGNN - INFO - Using diversity penalty with weight: 0.1
2026-02-06 15:55:38,044 - BrainGNN - INFO - Starting training for up to 300 epochs...
2026-02-06 15:55:46,240 - BrainGNN - INFO - Epoch 1: New best balanced_acc: 0.5163
2026-02-06 15:56:48,859 - BrainGNN - INFO - Epoch 010: Train Loss: 0.6885, Train Acc: 0.6685, Train Balanced Acc: 0.5036 | Val Loss: 0.6966, Val Acc: 0.4223, Val Balanced Acc: 0.3862, Val F1: 0.1141, Val AUC: 0.3858
2026-02-06 15:57:24,442 - BrainGNN - INFO - Epoch 15: New best balanced_acc: 0.5195
2026-02-06 15:57:59,011 - BrainGNN - INFO - Epoch 020: Train Loss: 0.6887, Train Acc: 0.6362, Train Balanced Acc: 0.5364 | Val Loss: 0.6877, Val Acc: 0.4639, Val Balanced Acc: 0.4622, Val F1: 0.1581, Val AUC: 0.4902
2026-02-06 15:59:08,235 - BrainGNN - INFO - Epoch 030: Train Loss: 0.6809, Train Acc: 0.6175, Train Balanced Acc: 0.5415 | Val Loss: 0.6970, Val Acc: 0.5799, Val Balanced Acc: 0.4834, Val F1: 0.1579, Val AUC: 0.4591
2026-02-06 15:59:51,123 - BrainGNN - INFO - Epoch 36: New best balanced_acc: 0.5371
2026-02-06 16:00:18,758 - BrainGNN - INFO - Epoch 040: Train Loss: 0.6837, Train Acc: 0.6800, Train Balanced Acc: 0.5566 | Val Loss: 0.6933, Val Acc: 0.6521, Val Balanced Acc: 0.5152, Val F1: 0.1762, Val AUC: 0.4630
2026-02-06 16:01:28,741 - BrainGNN - INFO - Epoch 050: Train Loss: 0.6791, Train Acc: 0.6532, Train Balanced Acc: 0.5792 | Val Loss: 0.6996, Val Acc: 0.3829, Val Balanced Acc: 0.4606, Val F1: 0.1657, Val AUC: 0.4777
2026-02-06 16:02:37,690 - BrainGNN - INFO - Epoch 060: Train Loss: 0.6695, Train Acc: 0.6548, Train Balanced Acc: 0.5624 | Val Loss: 0.7010, Val Acc: 0.3304, Val Balanced Acc: 0.4136, Val F1: 0.1453, Val AUC: 0.4453
2026-02-06 16:03:46,485 - BrainGNN - INFO - Epoch 070: Train Loss: 0.6795, Train Acc: 0.5836, Train Balanced Acc: 0.5624 | Val Loss: 0.6805, Val Acc: 0.5514, Val Balanced Acc: 0.5464, Val F1: 0.2085, Val AUC: 0.5722
2026-02-06 16:03:46,488 - BrainGNN - INFO - Epoch 70: New best balanced_acc: 0.5464
2026-02-06 16:04:56,662 - BrainGNN - INFO - Epoch 080: Train Loss: 0.6656, Train Acc: 0.6345, Train Balanced Acc: 0.5799 | Val Loss: 0.6955, Val Acc: 0.5427, Val Balanced Acc: 0.4976, Val F1: 0.1739, Val AUC: 0.5002
2026-02-06 16:05:45,265 - BrainGNN - INFO - Epoch 87: New best balanced_acc: 0.5643
2026-02-06 16:06:06,188 - BrainGNN - INFO - Epoch 090: Train Loss: 0.6597, Train Acc: 0.6641, Train Balanced Acc: 0.6031 | Val Loss: 0.7260, Val Acc: 0.4530, Val Balanced Acc: 0.4648, Val F1: 0.1611, Val AUC: 0.4444
2026-02-06 16:07:15,195 - BrainGNN - INFO - Epoch 100: Train Loss: 0.6616, Train Acc: 0.6290, Train Balanced Acc: 0.5790 | Val Loss: 0.7036, Val Acc: 0.3982, Val Balanced Acc: 0.4780, Val F1: 0.1742, Val AUC: 0.5289
2026-02-06 16:08:23,995 - BrainGNN - INFO - Epoch 110: Train Loss: 0.6578, Train Acc: 0.5627, Train Balanced Acc: 0.5906 | Val Loss: 0.7066, Val Acc: 0.3348, Val Balanced Acc: 0.4774, Val F1: 0.1784, Val AUC: 0.5011
2026-02-06 16:09:31,822 - BrainGNN - INFO - Epoch 120: Train Loss: 0.6523, Train Acc: 0.6444, Train Balanced Acc: 0.5943 | Val Loss: 0.6942, Val Acc: 0.6761, Val Balanced Acc: 0.5375, Val F1: 0.1957, Val AUC: 0.5274
2026-02-06 16:10:19,264 - BrainGNN - INFO - Early stopping at epoch 127
2026-02-06 16:10:19,267 - BrainGNN - INFO - Training completed. Best balanced_acc: 0.5643
2026-02-06 16:10:19,270 - BrainGNN - INFO - Best validation balanced_acc: 0.5643
2026-02-06 16:10:19,277 - BrainGNN - INFO - 
==================================================
2026-02-06 16:10:19,287 - BrainGNN - INFO - Evaluating on test set...
2026-02-06 16:10:19,296 - BrainGNN - INFO - ==================================================
2026-02-06 16:10:20,543 - BrainGNN - INFO - 
Test Results:
2026-02-06 16:10:20,547 - BrainGNN - INFO -   Loss:              1.0251
2026-02-06 16:10:20,548 - BrainGNN - INFO -   Accuracy:          0.5377
2026-02-06 16:10:20,549 - BrainGNN - INFO -   Balanced Accuracy: 0.5070
2026-02-06 16:10:20,549 - BrainGNN - INFO -   F1 Score:          0.1801
2026-02-06 16:10:20,550 - BrainGNN - INFO -   AUC:               0.4832
2026-02-06 16:10:20,551 - BrainGNN - INFO - 
Classification Report:
2026-02-06 16:10:20,557 - BrainGNN - INFO - 
              precision    recall  f1-score   support

     Class 0       0.89      0.55      0.68       509
     Class 1       0.11      0.47      0.18        62

    accuracy                           0.54       571
   macro avg       0.50      0.51      0.43       571
weighted avg       0.81      0.54      0.62       571

2026-02-06 16:10:20,559 - BrainGNN - INFO - 
Per-class metrics:
2026-02-06 16:10:20,562 - BrainGNN - INFO -   Class 0 - Precision: 0.8939, Recall: 0.5462
2026-02-06 16:10:20,564 - BrainGNN - INFO -   Class 1 - Precision: 0.1115, Recall: 0.4677
2026-02-06 16:10:20,567 - BrainGNN - INFO - 
Saving training visualizations...
2026-02-06 16:10:21,560 - BrainGNN - INFO - Saved training history to /home/rif17002/honors_thesis/runs/2026-02-06_15-51-13/training_history_reward.png
2026-02-06 16:10:21,948 - BrainGNN - INFO - Saved confusion matrix to /home/rif17002/honors_thesis/runs/2026-02-06_15-51-13/confusion_matrix_reward.png
2026-02-06 16:10:21,952 - BrainGNN - INFO - Saving model to /home/rif17002/honors_thesis/runs/2026-02-06_15-51-13/brain_gnn_reward_diversity.pt
2026-02-06 16:10:22,016 - BrainGNN - INFO - Model saved successfully
2026-02-06 16:10:22,021 - BrainGNN - INFO - Saving results summary to /home/rif17002/honors_thesis/runs/2026-02-06_15-51-13/results_reward.yaml
2026-02-06 16:10:22,056 - BrainGNN - INFO - Results summary saved successfully
2026-02-06 16:10:22,059 - BrainGNN - INFO - 
==================================================
2026-02-06 16:10:22,062 - BrainGNN - INFO - Training completed successfully!
2026-02-06 16:10:22,064 - BrainGNN - INFO - All outputs saved to: /home/rif17002/honors_thesis/runs/2026-02-06_15-51-13
2026-02-06 16:10:22,065 - BrainGNN - INFO - ==================================================
