2026-02-06 10:51:09,764 - BrainGNN - INFO - ==================================================
2026-02-06 10:51:09,769 - BrainGNN - INFO - Loading configuration from configs/diversity.yaml
2026-02-06 10:51:09,776 - BrainGNN - INFO - ==================================================
2026-02-06 10:51:09,790 - BrainGNN - INFO - Configuration loaded successfully
2026-02-06 10:51:09,798 - BrainGNN - INFO - Using device: cuda:0
2026-02-06 10:51:09,804 - BrainGNN - INFO - 
==================================================
2026-02-06 10:51:09,811 - BrainGNN - INFO - Configuration Summary
2026-02-06 10:51:09,818 - BrainGNN - INFO - ==================================================
2026-02-06 10:51:09,825 - BrainGNN - INFO - Run Directory: /home/rif17002/honors_thesis/runs/2026-02-06_10-51-09
2026-02-06 10:51:09,833 - BrainGNN - INFO - Data:
2026-02-06 10:51:09,840 - BrainGNN - INFO -   Data Directory: /shared/healthinfolab/datasets/ABCD/Irritability/WholeBrainTaskfMRI/UConn/data
2026-02-06 10:51:09,846 - BrainGNN - INFO -   Labels CSV: /shared/healthinfolab/datasets/ABCD/Irritability/WholeBrainTaskfMRI/UConn/subject_lists/CBCL_PLPH_m0m24_MID_n3705.csv
2026-02-06 10:51:09,852 - BrainGNN - INFO -   Contrast Type: reward
2026-02-06 10:51:09,859 - BrainGNN - INFO -   Edge Threshold: 0.0
2026-02-06 10:51:09,865 - BrainGNN - INFO -   Use Absolute Values: False
2026-02-06 10:51:09,870 - BrainGNN - INFO - 
Model:
2026-02-06 10:51:09,876 - BrainGNN - INFO -   GNN Type: GCN
2026-02-06 10:51:09,878 - BrainGNN - INFO -   Hidden Channels: 128
2026-02-06 10:51:09,882 - BrainGNN - INFO -   Num Layers: 3
2026-02-06 10:51:09,887 - BrainGNN - INFO -   Dropout: 0.4
2026-02-06 10:51:09,889 - BrainGNN - INFO - 
Training:
2026-02-06 10:51:09,892 - BrainGNN - INFO -   Batch Size: 64
2026-02-06 10:51:09,894 - BrainGNN - INFO -   Learning Rate: 0.002
2026-02-06 10:51:09,895 - BrainGNN - INFO -   Weight Decay: 0.0001
2026-02-06 10:51:09,896 - BrainGNN - INFO -   Epochs: 300
2026-02-06 10:51:09,896 - BrainGNN - INFO -   Patience: 40
2026-02-06 10:51:09,897 - BrainGNN - INFO -   Random Seed: 42
2026-02-06 10:51:09,897 - BrainGNN - INFO - 
Imbalance Handling:
2026-02-06 10:51:09,898 - BrainGNN - INFO -   Class Weights: True
2026-02-06 10:51:09,898 - BrainGNN - INFO -   Focal Loss: False
2026-02-06 10:51:09,898 - BrainGNN - INFO -   Oversampling: False
2026-02-06 10:51:09,898 - BrainGNN - INFO -   Monitor Metric: balanced_acc
2026-02-06 10:51:09,899 - BrainGNN - INFO - 
==================================================
2026-02-06 10:51:09,899 - BrainGNN - INFO - Loading reward contrast dataset...
2026-02-06 10:51:09,900 - BrainGNN - INFO - ==================================================
2026-02-06 10:51:09,909 - BrainGNN - INFO - Loaded 3705 subjects from labels file
2026-02-06 10:51:15,269 - BrainGNN - INFO - Found 2853 subjects with complete data
2026-02-06 10:51:15,271 - BrainGNN - INFO - Class distribution:
2026-02-06 10:51:15,272 - BrainGNN - INFO -   Class 0: 2543 (89.1%)
2026-02-06 10:51:15,272 - BrainGNN - INFO -   Class 1: 310 (10.9%)
2026-02-06 10:51:15,272 - BrainGNN - INFO -   Imbalance ratio: 8.20:1
2026-02-06 10:51:15,272 - BrainGNN - INFO - Dataset loaded successfully with 2853 subjects
2026-02-06 10:51:16,175 - BrainGNN - INFO - Class weights: [0.56095165 4.601613  ]
2026-02-06 10:51:16,194 - BrainGNN - ERROR - Error loading data for subject NDARINV003RTV85: cannot reshape array of size 63158 into shape (352,newaxis)
Traceback (most recent call last):
  File "/home/rif17002/honors_thesis/enhanced_dataset.py", line 99, in get
    node_features = self._compute_enhanced_node_features(
  File "/home/rif17002/honors_thesis/enhanced_dataset.py", line 160, in _compute_enhanced_node_features
    features.append(np.mean(contrast_matrix[contrast_matrix > 0].reshape(n_nodes, -1), axis=1))  # Mean of positive changes
ValueError: cannot reshape array of size 63158 into shape (352,newaxis)
2026-02-06 10:51:16,200 - BrainGNN - ERROR - An error occurred during training: cannot reshape array of size 63158 into shape (352,newaxis)
Traceback (most recent call last):
  File "/home/rif17002/honors_thesis/train_brain_gnn.py", line 806, in main
    sample = dataset[0]
  File "/home/rif17002/anaconda3/envs/honors/lib/python3.10/site-packages/torch_geometric/data/dataset.py", line 294, in __getitem__
    data = self.get(self.indices()[idx])
  File "/home/rif17002/honors_thesis/enhanced_dataset.py", line 99, in get
    node_features = self._compute_enhanced_node_features(
  File "/home/rif17002/honors_thesis/enhanced_dataset.py", line 160, in _compute_enhanced_node_features
    features.append(np.mean(contrast_matrix[contrast_matrix > 0].reshape(n_nodes, -1), axis=1))  # Mean of positive changes
ValueError: cannot reshape array of size 63158 into shape (352,newaxis)
