2026-02-06 10:37:40,538 - BrainGNN - INFO - ==================================================
2026-02-06 10:37:40,539 - BrainGNN - INFO - Loading configuration from configs/config.yaml
2026-02-06 10:37:40,542 - BrainGNN - INFO - ==================================================
2026-02-06 10:37:40,549 - BrainGNN - INFO - Configuration loaded successfully
2026-02-06 10:37:40,553 - BrainGNN - INFO - Using device: cuda:0
2026-02-06 10:37:40,554 - BrainGNN - INFO - 
==================================================
2026-02-06 10:37:40,563 - BrainGNN - INFO - Configuration Summary
2026-02-06 10:37:40,569 - BrainGNN - INFO - ==================================================
2026-02-06 10:37:40,571 - BrainGNN - INFO - Run Directory: /home/rif17002/honors_thesis/runs/2026-02-06_10-37-40
2026-02-06 10:37:40,572 - BrainGNN - INFO - Data:
2026-02-06 10:37:40,575 - BrainGNN - INFO -   Data Directory: /shared/healthinfolab/datasets/ABCD/Irritability/WholeBrainTaskfMRI/UConn/data
2026-02-06 10:37:40,576 - BrainGNN - INFO -   Labels CSV: /shared/healthinfolab/datasets/ABCD/Irritability/WholeBrainTaskfMRI/UConn/subject_lists/CBCL_PLPH_m0m24_MID_n3705.csv
2026-02-06 10:37:40,578 - BrainGNN - INFO -   Contrast Type: reward
2026-02-06 10:37:40,582 - BrainGNN - INFO -   Edge Threshold: 0.1
2026-02-06 10:37:40,586 - BrainGNN - INFO -   Use Absolute Values: True
2026-02-06 10:37:40,591 - BrainGNN - INFO - 
Model:
2026-02-06 10:37:40,593 - BrainGNN - INFO -   GNN Type: GCN
2026-02-06 10:37:40,595 - BrainGNN - INFO -   Hidden Channels: 64
2026-02-06 10:37:40,596 - BrainGNN - INFO -   Num Layers: 3
2026-02-06 10:37:40,599 - BrainGNN - INFO -   Dropout: 0.4
2026-02-06 10:37:40,604 - BrainGNN - INFO - 
Training:
2026-02-06 10:37:40,610 - BrainGNN - INFO -   Batch Size: 32
2026-02-06 10:37:40,614 - BrainGNN - INFO -   Learning Rate: 0.001
2026-02-06 10:37:40,616 - BrainGNN - INFO -   Weight Decay: 0.0005
2026-02-06 10:37:40,617 - BrainGNN - INFO -   Epochs: 200
2026-02-06 10:37:40,620 - BrainGNN - INFO -   Patience: 50
2026-02-06 10:37:40,642 - BrainGNN - INFO -   Random Seed: 0
2026-02-06 10:37:40,672 - BrainGNN - INFO - 
Imbalance Handling:
2026-02-06 10:37:40,688 - BrainGNN - INFO -   Class Weights: True
2026-02-06 10:37:40,690 - BrainGNN - INFO -   Focal Loss: True
2026-02-06 10:37:40,693 - BrainGNN - INFO -   Focal Gamma: 2.0
2026-02-06 10:37:40,695 - BrainGNN - INFO -   Oversampling: False
2026-02-06 10:37:40,700 - BrainGNN - INFO -   Monitor Metric: balanced_acc
2026-02-06 10:37:40,709 - BrainGNN - INFO - 
==================================================
2026-02-06 10:37:40,720 - BrainGNN - INFO - Loading reward contrast dataset...
2026-02-06 10:37:40,723 - BrainGNN - INFO - ==================================================
2026-02-06 10:37:40,738 - BrainGNN - INFO - Loaded 3705 subjects from labels file
2026-02-06 10:37:46,881 - BrainGNN - INFO - Found 2853 subjects with complete data
2026-02-06 10:37:46,891 - BrainGNN - INFO - Class distribution:
2026-02-06 10:37:46,898 - BrainGNN - INFO -   Class 0: 2543 (89.1%)
2026-02-06 10:37:46,901 - BrainGNN - INFO -   Class 1: 310 (10.9%)
2026-02-06 10:37:46,904 - BrainGNN - INFO -   Imbalance ratio: 8.20:1
2026-02-06 10:37:46,909 - BrainGNN - INFO - Dataset loaded successfully with 2853 subjects
2026-02-06 10:37:47,814 - BrainGNN - INFO - Class weights: [0.56095165 4.601613  ]
2026-02-06 10:37:47,893 - BrainGNN - ERROR - Error loading data for subject NDARINV003RTV85: axis 1 is out of bounds for array of dimension 1
Traceback (most recent call last):
  File "/home/rif17002/honors_thesis/train_brain_gnn.py", line 117, in get
    node_features = self._compute_node_features(contrast_matrix)
  File "/home/rif17002/honors_thesis/train_brain_gnn.py", line 171, in _compute_node_features
    features.append(np.sum(matrix[matrix > 0], axis=1) if np.any(matrix > 0) else np.zeros(matrix.shape[0]))  # Positive strength
  File "/home/rif17002/anaconda3/envs/honors/lib/python3.10/site-packages/numpy/_core/fromnumeric.py", line 2466, in sum
    return _wrapreduction(
  File "/home/rif17002/anaconda3/envs/honors/lib/python3.10/site-packages/numpy/_core/fromnumeric.py", line 86, in _wrapreduction
    return ufunc.reduce(obj, axis, dtype, out, **passkwargs)
numpy.exceptions.AxisError: axis 1 is out of bounds for array of dimension 1
2026-02-06 10:37:48,033 - BrainGNN - ERROR - An error occurred during training: axis 1 is out of bounds for array of dimension 1
Traceback (most recent call last):
  File "/home/rif17002/honors_thesis/train_brain_gnn.py", line 795, in main
    sample = dataset[0]
  File "/home/rif17002/anaconda3/envs/honors/lib/python3.10/site-packages/torch_geometric/data/dataset.py", line 294, in __getitem__
    data = self.get(self.indices()[idx])
  File "/home/rif17002/honors_thesis/train_brain_gnn.py", line 117, in get
    node_features = self._compute_node_features(contrast_matrix)
  File "/home/rif17002/honors_thesis/train_brain_gnn.py", line 171, in _compute_node_features
    features.append(np.sum(matrix[matrix > 0], axis=1) if np.any(matrix > 0) else np.zeros(matrix.shape[0]))  # Positive strength
  File "/home/rif17002/anaconda3/envs/honors/lib/python3.10/site-packages/numpy/_core/fromnumeric.py", line 2466, in sum
    return _wrapreduction(
  File "/home/rif17002/anaconda3/envs/honors/lib/python3.10/site-packages/numpy/_core/fromnumeric.py", line 86, in _wrapreduction
    return ufunc.reduce(obj, axis, dtype, out, **passkwargs)
numpy.exceptions.AxisError: axis 1 is out of bounds for array of dimension 1
